# File containing a listing of the fitness of the top-ranked
# individual for each ligand docked in GOLD.
#
# Format is:
#
#     Score     S(PLP)   S(hbond)     S(cho)   S(metal)  DE(clash)   DE(tors)     intcor     time                               File name                Ligand name

     72.69     -69.93       2.00       0.00       0.00       2.67       1.94       3.22    0.920  '/tmp/tmpMvzTUT/gold_soln_actives_final_m1_3.mol2'            'CHEMBL1081852'
     66.68     -62.68       2.00       0.00       0.00       0.00       1.06       0.12    0.748  '/tmp/tmpMvzTUT/gold_soln_actives_final_m2_5.mol2'             'CHEMBL469561'
     63.08     -65.49       0.00       0.00       0.00       1.03       1.03       0.28    0.744  '/tmp/tmpMvzTUT/gold_soln_actives_final_m3_2.mol2'             'CHEMBL469561'
     73.80     -75.31       0.00       0.00       0.00       0.99       1.19       0.94    1.140  '/tmp/tmpMvzTUT/gold_soln_actives_final_m4_2.mol2'             'CHEMBL576386'
     74.39     -74.50       0.58       0.23       0.00       0.80       1.57       1.43    1.136  '/tmp/tmpMvzTUT/gold_soln_actives_final_m5_5.mol2'             'CHEMBL576386'
     73.36     -72.59       2.00       0.00       0.00       0.38       3.01       1.17    0.880  '/tmp/tmpMvzTUT/gold_soln_actives_final_m6_4.mol2'             'CHEMBL577134'
     66.92     -69.34       0.94       0.27       0.00       5.22       1.15       1.14    0.928  '/tmp/tmpMvzTUT/gold_soln_actives_final_m7_2.mol2'             'CHEMBL575824'
     69.96     -66.54       1.00       0.98       0.00       0.70       1.87       1.92    1.072  '/tmp/tmpMvzTUT/gold_soln_actives_final_m8_2.mol2'             'CHEMBL577379'
     83.94     -82.62       1.00       0.00       0.00       0.00       1.64       1.59    1.168  '/tmp/tmpMvzTUT/gold_soln_actives_final_m9_1.mol2'             'CHEMBL577379'
     78.15     -80.27       0.00       1.18       0.00       0.00       3.53       1.39    1.160  '/tmp/tmpMvzTUT/gold_soln_actives_final_m10_4.mol2'             'CHEMBL573096'
     78.69     -80.72       0.00       0.00       0.00       0.27       1.78       1.76    1.192  '/tmp/tmpMvzTUT/gold_soln_actives_final_m11_4.mol2'             'CHEMBL573096'
     73.45     -68.39       0.00       2.62       0.00       1.38       1.48       1.54    1.116  '/tmp/tmpMvzTUT/gold_soln_actives_final_m12_5.mol2'             'CHEMBL573326'
     72.63     -71.21       0.78       0.00       0.00       0.87       0.98       1.20    1.160  '/tmp/tmpMvzTUT/gold_soln_actives_final_m13_1.mol2'             'CHEMBL573326'
     73.32     -73.42       2.00       0.00       0.00       1.20       3.69       2.48    1.036  '/tmp/tmpMvzTUT/gold_soln_actives_final_m14_4.mol2'             'CHEMBL574269'
     79.70     -74.32       2.00       1.00       0.00       0.00       2.87       2.12    1.040  '/tmp/tmpMvzTUT/gold_soln_actives_final_m15_2.mol2'             'CHEMBL574269'
     53.91     -52.20       1.00       0.00       0.00       0.00       3.30       5.29    1.012  '/tmp/tmpMvzTUT/gold_soln_actives_final_m16_2.mol2'             'CHEMBL276130'
     74.64     -72.25       2.00       0.00       0.00       1.14       1.79       1.01    0.920  '/tmp/tmpMvzTUT/gold_soln_actives_final_m17_4.mol2'             'CHEMBL574268'
     74.09     -72.02       2.00       0.00       0.00       0.00       2.62       1.03    0.920  '/tmp/tmpMvzTUT/gold_soln_actives_final_m18_1.mol2'             'CHEMBL577377'
     80.97     -73.89       1.00       1.51       0.00       0.05       3.01       5.62    1.084  '/tmp/tmpMvzTUT/gold_soln_actives_final_m19_4.mol2'             'CHEMBL596072'
     70.51     -72.21       0.00       0.00       0.00       0.00       1.68       1.39    1.340  '/tmp/tmpMvzTUT/gold_soln_actives_final_m20_2.mol2'            'CHEMBL1098938'
     71.38     -68.28       2.00       0.00       0.00       0.02       3.78       4.69    1.108  '/tmp/tmpMvzTUT/gold_soln_actives_final_m21_5.mol2'             'CHEMBL603197'
     75.79     -75.43       1.66       0.00       0.00       0.16       3.74       3.00    1.260  '/tmp/tmpMvzTUT/gold_soln_actives_final_m22_2.mol2'            'CHEMBL1095612'
     79.15     -76.91       1.00       0.73       0.00       1.87       3.42       5.77    1.144  '/tmp/tmpMvzTUT/gold_soln_actives_final_m23_3.mol2'             'CHEMBL596073'
     68.52     -71.87       0.00       0.00       0.00       1.24       3.59       5.07    0.836  '/tmp/tmpMvzTUT/gold_soln_actives_final_m24_5.mol2'             'CHEMBL253457'
     65.12     -63.33       0.79       0.26       0.00       0.00       1.21       1.05    0.696  '/tmp/tmpMvzTUT/gold_soln_actives_final_m25_5.mol2'             'CHEMBL470410'
     57.54     -53.56       2.00       0.00       0.00       0.50       1.78       1.43    0.700  '/tmp/tmpMvzTUT/gold_soln_actives_final_m26_2.mol2'             'CHEMBL470410'
     58.06     -70.20       0.00       0.00       0.00      11.67       2.97       5.47    1.144  '/tmp/tmpMvzTUT/gold_soln_actives_final_m27_5.mol2'             'CHEMBL252259'
     64.03     -63.10       0.00       1.00       0.00       0.06       3.61       5.22    1.112  '/tmp/tmpMvzTUT/gold_soln_actives_final_m28_4.mol2'             'CHEMBL252259'
     80.15     -76.90       2.00       0.00       0.00       0.36       1.71       1.04    0.888  '/tmp/tmpMvzTUT/gold_soln_actives_final_m29_5.mol2'             'CHEMBL210740'
     75.54     -77.24       0.00       0.00       0.00       0.00       2.09       2.49    1.536  '/tmp/tmpMvzTUT/gold_soln_actives_final_m30_3.mol2'             'CHEMBL211774'
     78.74     -79.55       1.00       0.65       0.00       5.24       2.08       3.66    1.472  '/tmp/tmpMvzTUT/gold_soln_actives_final_m31_1.mol2'             'CHEMBL211774'
     51.72     -51.94       0.00       0.00       0.00       0.00       2.19       4.16    1.228  '/tmp/tmpMvzTUT/gold_soln_actives_final_m32_3.mol2'            'CHEMBL1204096'
     59.54     -61.48       1.10       0.00       0.00       0.00       5.26       4.47    1.208  '/tmp/tmpMvzTUT/gold_soln_actives_final_m33_1.mol2'            'CHEMBL1204096'
     52.46     -56.05       0.00       0.00       0.00       2.53       2.69       3.61    1.088  '/tmp/tmpMvzTUT/gold_soln_actives_final_m34_4.mol2'            'CHEMBL1204095'
     71.55     -76.61       0.19       0.00       0.00       5.69       1.52       3.11    0.892  '/tmp/tmpMvzTUT/gold_soln_actives_final_m35_3.mol2'            'CHEMBL1081853'
     69.22     -71.15       1.17       0.61       0.00       6.33       1.12       1.31    1.024  '/tmp/tmpMvzTUT/gold_soln_actives_final_m36_2.mol2'             'CHEMBL205410'
     68.50     -75.84       0.00       0.00       0.00       1.37       3.93       1.88    1.420  '/tmp/tmpMvzTUT/gold_soln_actives_final_m37_5.mol2'             'CHEMBL210209'
     69.15     -73.06       0.00       0.00       0.00       3.77       1.85       2.13    1.436  '/tmp/tmpMvzTUT/gold_soln_actives_final_m38_1.mol2'             'CHEMBL210209'
     64.46     -65.99       0.00       0.00       0.00       1.34       1.52       2.04    1.464  '/tmp/tmpMvzTUT/gold_soln_actives_final_m39_1.mol2'             'CHEMBL210209'
     74.44     -71.28       0.98       0.66       0.00       0.00       2.42       3.10    1.424  '/tmp/tmpMvzTUT/gold_soln_actives_final_m40_4.mol2'             'CHEMBL210209'
     76.04     -78.81       0.00       0.22       0.00       1.18       1.84       1.41    0.908  '/tmp/tmpMvzTUT/gold_soln_actives_final_m41_4.mol2'             'CHEMBL206183'
     69.92     -68.58       2.00       0.00       0.00       1.39       2.25       1.20    0.880  '/tmp/tmpMvzTUT/gold_soln_actives_final_m42_4.mol2'             'CHEMBL210020'
     63.77     -63.35       1.00       0.00       0.00       1.92       0.81       0.95    0.928  '/tmp/tmpMvzTUT/gold_soln_actives_final_m43_3.mol2'             'CHEMBL576135'
     59.14     -61.36       0.00       0.00       0.00       2.60       1.68       3.73    0.784  '/tmp/tmpMvzTUT/gold_soln_actives_final_m44_5.mol2'             'CHEMBL575448'
     61.39     -64.36       0.00       0.00       0.00       2.60       2.19       4.01    0.772  '/tmp/tmpMvzTUT/gold_soln_actives_final_m45_4.mol2'             'CHEMBL575448'
     52.71     -53.49       0.00       0.00       0.00       0.00       3.54       6.30    1.024  '/tmp/tmpMvzTUT/gold_soln_actives_final_m46_3.mol2'             'CHEMBL603852'
     49.50     -51.19       0.00       0.00       0.00       1.22       2.94       5.42    0.976  '/tmp/tmpMvzTUT/gold_soln_actives_final_m47_2.mol2'             'CHEMBL603852'
     44.63     -47.41       0.00       0.00       0.00       0.00       3.41       4.04    0.948  '/tmp/tmpMvzTUT/gold_soln_actives_final_m48_5.mol2'             'CHEMBL603852'
     50.77     -56.32       0.00       0.00       0.00       2.97       3.39       4.02    1.040  '/tmp/tmpMvzTUT/gold_soln_actives_final_m49_4.mol2'             'CHEMBL603852'
     46.13     -47.04       0.00       0.00       0.00       0.00       3.28       5.55    0.952  '/tmp/tmpMvzTUT/gold_soln_actives_final_m50_1.mol2'             'CHEMBL603852'
     45.45     -45.29       0.00       1.00       0.00       0.00       4.32       5.39    0.976  '/tmp/tmpMvzTUT/gold_soln_actives_final_m51_1.mol2'             'CHEMBL603852'
     46.85     -49.61       0.00       0.00       0.00       0.00       3.55       4.33    0.932  '/tmp/tmpMvzTUT/gold_soln_actives_final_m52_4.mol2'             'CHEMBL603852'
     41.65     -46.74       0.00       0.00       0.00       2.97       3.31       4.13    0.984  '/tmp/tmpMvzTUT/gold_soln_actives_final_m53_1.mol2'             'CHEMBL603852'
     50.03     -45.20       1.72       0.00       0.00       3.00       1.20       5.00    0.220  '/tmp/tmpMvzTUT/gold_soln_actives_final_m54_1.mol2'             'CHEMBL228654'
     68.19     -69.79       0.00       0.00       0.00       0.59       1.22       1.43    0.960  '/tmp/tmpMvzTUT/gold_soln_actives_final_m55_4.mol2'             'CHEMBL211084'
     53.03     -54.45       0.00       0.00       0.00       0.05       1.80       2.23    0.372  '/tmp/tmpMvzTUT/gold_soln_actives_final_m56_2.mol2'             'CHEMBL270638'
     52.49     -53.79       0.00       0.00       0.00       0.00       1.80       2.23    0.492  '/tmp/tmpMvzTUT/gold_soln_actives_final_m57_1.mol2'             'CHEMBL270638'
     49.71     -55.14       0.00       0.17       0.00       1.00       5.17       5.40    1.132  '/tmp/tmpMvzTUT/gold_soln_actives_final_m58_5.mol2'             'CHEMBL404554'
     46.18     -48.58       0.00       0.00       0.00       0.88       3.55       5.59    1.212  '/tmp/tmpMvzTUT/gold_soln_actives_final_m59_4.mol2'             'CHEMBL404554'
     58.99     -63.44       0.00       0.11       0.00       0.00       5.02       5.28    1.040  '/tmp/tmpMvzTUT/gold_soln_actives_final_m60_3.mol2'             'CHEMBL508794'
     72.76     -77.22       0.00       0.00       0.00       1.39       2.51       1.96    1.132  '/tmp/tmpMvzTUT/gold_soln_actives_final_m61_2.mol2'             'CHEMBL209503'
     42.56     -43.92       0.00       0.00       0.00       0.00       0.68       0.00    0.268  '/tmp/tmpMvzTUT/gold_soln_actives_final_m62_1.mol2'             'CHEMBL475401'
     69.74     -73.00       0.00       0.00       0.00       0.54       2.09       1.46    1.304  '/tmp/tmpMvzTUT/gold_soln_actives_final_m63_1.mol2'             'CHEMBL203275'
     80.53     -83.34       0.00       0.00       0.00       1.31       2.07       2.03    1.328  '/tmp/tmpMvzTUT/gold_soln_actives_final_m64_2.mol2'             'CHEMBL203275'
     52.56     -53.56       0.00       0.00       0.00       0.00       0.51       0.01    0.564  '/tmp/tmpMvzTUT/gold_soln_actives_final_m65_3.mol2'             'CHEMBL444165'
     47.20     -47.20       0.00       0.00       0.00       0.00       0.00       0.00    0.188  '/tmp/tmpMvzTUT/gold_soln_actives_final_m66_4.mol2'             'CHEMBL475400'
     61.16     -72.29       0.00       0.00       0.00      11.39       2.44       5.13    1.064  '/tmp/tmpMvzTUT/gold_soln_actives_final_m67_4.mol2'             'CHEMBL252056'
     59.67     -72.06       0.00       0.00       0.00      11.30       3.25       4.74    0.992  '/tmp/tmpMvzTUT/gold_soln_actives_final_m68_3.mol2'             'CHEMBL252056'
     71.78     -73.09       0.00       0.00       0.00       0.00       1.31       0.84    0.960  '/tmp/tmpMvzTUT/gold_soln_actives_final_m69_1.mol2'             'CHEMBL206208'
     78.38     -73.92       3.00       0.00       0.00       2.90       2.81       3.50    1.052  '/tmp/tmpMvzTUT/gold_soln_actives_final_m70_2.mol2'            'CHEMBL1081437'
     82.76     -78.70       2.33       0.00       0.00       0.76       2.88       3.60    1.028  '/tmp/tmpMvzTUT/gold_soln_actives_final_m71_3.mol2'            'CHEMBL1081438'
     65.77     -57.76       3.68       0.00       0.00       0.90       1.23       0.33    0.684  '/tmp/tmpMvzTUT/gold_soln_actives_final_m72_4.mol2'             'CHEMBL202937'
     77.29     -72.07       2.00       0.60       0.00       0.00       1.41       0.22    0.712  '/tmp/tmpMvzTUT/gold_soln_actives_final_m73_3.mol2'             'CHEMBL202937'
     52.82     -61.75       0.00       0.00       0.00       7.16       3.18       3.53    0.952  '/tmp/tmpMvzTUT/gold_soln_actives_final_m74_2.mol2'             'CHEMBL262341'
     52.46     -80.49       0.00       0.00       0.00      29.30       1.88       5.04    0.940  '/tmp/tmpMvzTUT/gold_soln_actives_final_m75_4.mol2'             'CHEMBL262341'
     42.71     -41.76       0.00       1.00       0.00       0.00       2.94       3.82    0.576  '/tmp/tmpMvzTUT/gold_soln_actives_final_m76_3.mol2'             'CHEMBL262341'
     37.81     -38.34       0.00       0.00       0.00       0.00       2.63       3.62    0.928  '/tmp/tmpMvzTUT/gold_soln_actives_final_m77_3.mol2'             'CHEMBL262341'
     81.32     -81.00       1.00       0.00       0.00       1.26       1.34       1.25    1.100  '/tmp/tmpMvzTUT/gold_soln_actives_final_m78_5.mol2'             'CHEMBL575646'
     75.14     -73.28       1.00       0.00       0.00       0.00       1.45       1.76    1.168  '/tmp/tmpMvzTUT/gold_soln_actives_final_m79_5.mol2'             'CHEMBL573334'
     69.45     -74.46       0.00       0.00       0.00       1.03       2.88       1.78    1.128  '/tmp/tmpMvzTUT/gold_soln_actives_final_m80_5.mol2'             'CHEMBL573334'
     81.84     -86.76       0.00       0.00       0.00       1.34       2.56       1.47    1.264  '/tmp/tmpMvzTUT/gold_soln_actives_final_m81_1.mol2'             'CHEMBL573334'
     82.19     -84.95       1.00       0.00       0.00       0.07       3.78       1.87    1.152  '/tmp/tmpMvzTUT/gold_soln_actives_final_m82_5.mol2'             'CHEMBL573334'
     58.89     -62.13       0.00       0.00       0.00       0.00       2.12       0.99    0.728  '/tmp/tmpMvzTUT/gold_soln_actives_final_m83_5.mol2'             'CHEMBL512672'
     67.77     -63.41       1.98       0.00       0.00       0.10       1.06       0.63    0.696  '/tmp/tmpMvzTUT/gold_soln_actives_final_m84_3.mol2'             'CHEMBL512672'
     60.68     -59.28       1.00       0.00       0.00       1.35       1.97       2.87    1.548  '/tmp/tmpMvzTUT/gold_soln_actives_final_m85_3.mol2'             'CHEMBL415220'
     61.19     -57.99       2.00       0.00       0.00       1.55       2.03       2.80    1.512  '/tmp/tmpMvzTUT/gold_soln_actives_final_m86_3.mol2'             'CHEMBL415220'
     43.60     -44.00       0.00       0.00       0.00       0.13       1.86       3.46    0.496  '/tmp/tmpMvzTUT/gold_soln_actives_final_m87_2.mol2'             'CHEMBL255592'
     45.65     -39.12       1.31       0.99       0.00       0.00       2.05       3.76    1.164  '/tmp/tmpMvzTUT/gold_soln_actives_final_m88_5.mol2'            'CHEMBL1202518'
     53.08     -55.08       0.00       0.00       0.00       0.00       2.91       3.82    1.212  '/tmp/tmpMvzTUT/gold_soln_actives_final_m89_4.mol2'            'CHEMBL1202518'
     76.07     -72.80       2.00       0.00       0.00       1.37       1.52       1.50    1.020  '/tmp/tmpMvzTUT/gold_soln_actives_final_m90_2.mol2'             'CHEMBL211186'
     41.28     -42.63       0.00       0.00       0.00       0.00       0.68       0.00    0.328  '/tmp/tmpMvzTUT/gold_soln_actives_final_m91_1.mol2'                'CHEMBL162'
     43.66     -44.41       0.00       0.00       0.00       0.00       0.38       0.00    0.412  '/tmp/tmpMvzTUT/gold_soln_actives_final_m92_3.mol2'                'CHEMBL162'
     74.65     -71.57       2.00       0.00       0.00       2.17       1.94       3.12    0.896  '/tmp/tmpMvzTUT/gold_soln_actives_final_m93_3.mol2'            'CHEMBL1082016'
     63.99     -65.23       0.00       0.28       0.00       2.39       1.42       3.16    1.272  '/tmp/tmpMvzTUT/gold_soln_actives_final_m94_5.mol2'            'CHEMBL1096271'
     73.98     -67.55       1.53       0.71       0.00       0.01       0.85       1.41    0.656  '/tmp/tmpMvzTUT/gold_soln_actives_final_m95_3.mol2'             'CHEMBL599448'
     75.40     -67.34       2.12       0.65       0.00       0.00       0.86       1.48    0.784  '/tmp/tmpMvzTUT/gold_soln_actives_final_m96_3.mol2'             'CHEMBL599448'
     53.93     -63.64       0.00       0.00       0.00       9.82       2.54       5.19    0.588  '/tmp/tmpMvzTUT/gold_soln_actives_final_m97_3.mol2'             'CHEMBL252055'
     48.97     -54.03       0.00       1.00       0.00       8.11       2.74       5.53    1.016  '/tmp/tmpMvzTUT/gold_soln_actives_final_m98_4.mol2'             'CHEMBL252055'
     57.80     -69.20       0.00       0.00       0.00      11.19       2.77       5.30    1.088  '/tmp/tmpMvzTUT/gold_soln_actives_final_m99_4.mol2'             'CHEMBL252055'
     54.79     -65.40       0.00       0.00       0.00      11.57       2.38       5.15    0.644  '/tmp/tmpMvzTUT/gold_soln_actives_final_m100_1.mol2'             'CHEMBL252055'
     63.82     -58.88       2.00       0.00       0.00       0.00       1.14       1.22    0.796  '/tmp/tmpMvzTUT/gold_soln_actives_final_m101_5.mol2'             'CHEMBL523586'
     73.93     -74.82       0.00       0.00       0.00       0.85       2.23       4.42    1.000  '/tmp/tmpMvzTUT/gold_soln_actives_final_m102_3.mol2'             'CHEMBL506077'
     48.13     -53.21       0.00       0.12       0.00       5.31       2.83       4.88    0.936  '/tmp/tmpMvzTUT/gold_soln_actives_final_m103_3.mol2'             'CHEMBL506077'
     65.89     -68.08       0.00       0.00       0.00       0.01       2.66       3.15    0.872  '/tmp/tmpMvzTUT/gold_soln_actives_final_m104_5.mol2'             'CHEMBL470200'
     69.51     -71.67       0.00       0.00       0.00       0.99       2.93       4.62    0.864  '/tmp/tmpMvzTUT/gold_soln_actives_final_m105_3.mol2'             'CHEMBL470200'
     58.69     -58.80       0.00       0.52       0.00       0.00       3.75       5.82    1.104  '/tmp/tmpMvzTUT/gold_soln_actives_final_m106_5.mol2'             'CHEMBL448926'
     31.26     -40.57       1.63       0.00       0.00      10.29       5.00       5.81    1.196  '/tmp/tmpMvzTUT/gold_soln_actives_final_m107_3.mol2'             'CHEMBL448926'
     68.58     -70.31       0.00       0.89       0.00       2.60       1.49       1.19    1.004  '/tmp/tmpMvzTUT/gold_soln_actives_final_m108_3.mol2'             'CHEMBL375485'
     67.85     -71.33       0.00       0.00       0.00       0.00       3.26       3.03    0.880  '/tmp/tmpMvzTUT/gold_soln_actives_final_m109_5.mol2'             'CHEMBL226381'
     68.85     -70.88       0.00       0.00       0.00       1.31       1.80       2.90    0.860  '/tmp/tmpMvzTUT/gold_soln_actives_final_m110_3.mol2'             'CHEMBL226381'
     82.48     -81.24       0.63       0.28       0.00       2.95       1.62       4.72    0.872  '/tmp/tmpMvzTUT/gold_soln_actives_final_m111_5.mol2'             'CHEMBL383527'
     80.29     -85.73       0.36       0.00       0.00       7.92       1.64       4.69    0.856  '/tmp/tmpMvzTUT/gold_soln_actives_final_m112_4.mol2'             'CHEMBL383527'
     76.58     -73.65       2.00       0.00       0.00       0.00       2.01       0.86    0.888  '/tmp/tmpMvzTUT/gold_soln_actives_final_m113_3.mol2'             'CHEMBL376569'
     77.31     -78.06       0.00       0.00       0.00       0.56       1.20       2.21    1.112  '/tmp/tmpMvzTUT/gold_soln_actives_final_m114_5.mol2'             'CHEMBL212566'
     61.51     -69.94       0.00       0.00       0.00       6.08       4.23       6.12    0.972  '/tmp/tmpMvzTUT/gold_soln_actives_final_m115_5.mol2'             'CHEMBL574289'
     56.89     -57.64       1.00       0.00       0.00       5.38       1.83       5.29    0.900  '/tmp/tmpMvzTUT/gold_soln_actives_final_m116_4.mol2'             'CHEMBL395080'
     64.04     -64.40       0.00       0.00       0.00       0.00       0.89       1.42    1.472  '/tmp/tmpMvzTUT/gold_soln_actives_final_m117_4.mol2'             'CHEMBL523859'
     68.18     -67.70       2.00       0.98       0.00       7.38       1.77       2.31    0.784  '/tmp/tmpMvzTUT/gold_soln_actives_final_m118_3.mol2'            'CHEMBL1171647'
     76.21     -71.92       2.05       0.00       0.00       2.95       1.01       3.04    0.900  '/tmp/tmpMvzTUT/gold_soln_actives_final_m119_2.mol2'            'CHEMBL1079625'
     75.85     -77.47       0.75       0.00       0.00       1.15       1.85       0.99    0.896  '/tmp/tmpMvzTUT/gold_soln_actives_final_m120_5.mol2'             'CHEMBL208199'
     73.66     -78.94       0.00       0.00       0.00       4.17       3.01       4.91    0.840  '/tmp/tmpMvzTUT/gold_soln_actives_final_m121_4.mol2'             'CHEMBL258844'
     27.70     -24.74       1.00       0.00       0.00       0.00       0.28       0.53    1.096  '/tmp/tmpMvzTUT/gold_soln_actives_final_m122_2.mol2'             'CHEMBL595349'
     24.46     -18.72       1.98       0.00       0.00       0.00       0.41       0.61    1.176  '/tmp/tmpMvzTUT/gold_soln_actives_final_m123_2.mol2'             'CHEMBL595349'
     82.45     -82.45       1.59       0.00       0.00       1.39       2.29       1.21    0.876  '/tmp/tmpMvzTUT/gold_soln_actives_final_m124_5.mol2'             'CHEMBL211018'
     70.15     -68.85       0.00       1.00       0.00       1.19       1.49       1.91    1.128  '/tmp/tmpMvzTUT/gold_soln_actives_final_m125_2.mol2'             'CHEMBL575811'
     68.79     -63.97       1.44       1.00       0.00       0.00       1.80       1.09    1.112  '/tmp/tmpMvzTUT/gold_soln_actives_final_m126_4.mol2'             'CHEMBL575811'
     74.37     -75.90       0.00       0.00       0.00       0.00       1.30       1.06    0.920  '/tmp/tmpMvzTUT/gold_soln_actives_final_m127_5.mol2'             'CHEMBL203329'
     75.79     -69.20       2.66       0.00       0.00       2.94       0.81       3.19    0.924  '/tmp/tmpMvzTUT/gold_soln_actives_final_m128_5.mol2'            'CHEMBL1081104'
     71.37     -74.83       0.00       0.00       0.00       0.04       4.62       5.81    0.624  '/tmp/tmpMvzTUT/gold_soln_actives_final_m129_2.mol2'             'CHEMBL270847'
     83.07     -78.53       2.00       0.00       0.00       0.00       1.70       1.46    1.000  '/tmp/tmpMvzTUT/gold_soln_actives_final_m130_1.mol2'             'CHEMBL205994'
     83.32     -80.72       2.18       0.00       0.00       0.00       2.82       1.68    0.992  '/tmp/tmpMvzTUT/gold_soln_actives_final_m131_5.mol2'             'CHEMBL205994'
     85.64     -83.42       2.00       0.00       0.00       0.00       2.58       1.37    1.128  '/tmp/tmpMvzTUT/gold_soln_actives_final_m132_4.mol2'             'CHEMBL572884'
     82.31     -78.07       2.16       0.00       0.00       0.00       1.90       1.55    1.092  '/tmp/tmpMvzTUT/gold_soln_actives_final_m133_2.mol2'             'CHEMBL572884'
     72.30     -69.51       1.59       0.00       0.00       0.00       1.36       0.74    1.008  '/tmp/tmpMvzTUT/gold_soln_actives_final_m134_3.mol2'             'CHEMBL206732'
     67.88     -67.49       0.00       1.64       0.00       2.58       2.41       2.86    1.064  '/tmp/tmpMvzTUT/gold_soln_actives_final_m135_3.mol2'             'CHEMBL203434'
     72.52     -73.97       0.00       0.50       0.00       0.37       2.19       1.80    1.528  '/tmp/tmpMvzTUT/gold_soln_actives_final_m136_2.mol2'             'CHEMBL381610'
     81.33     -83.13       0.00       1.00       0.00       2.67       2.33       2.52    1.440  '/tmp/tmpMvzTUT/gold_soln_actives_final_m137_5.mol2'             'CHEMBL381610'
     73.32     -72.06       1.91       0.00       0.00       3.72       2.03       3.30    0.904  '/tmp/tmpMvzTUT/gold_soln_actives_final_m138_2.mol2'            'CHEMBL1081829'
     67.31     -62.58       1.98       0.00       0.00       0.59       2.08       2.89    0.928  '/tmp/tmpMvzTUT/gold_soln_actives_final_m139_2.mol2'            'CHEMBL1081660'
     74.54     -75.53       1.00       0.00       0.00       0.88       2.21       0.93    0.928  '/tmp/tmpMvzTUT/gold_soln_actives_final_m140_1.mol2'             'CHEMBL207496'
     76.88     -80.01       0.00       0.00       0.00       1.38       1.76       1.78    1.200  '/tmp/tmpMvzTUT/gold_soln_actives_final_m141_4.mol2'             'CHEMBL377687'
     66.04     -65.77       0.00       0.72       0.00       2.87       1.29       3.16    0.900  '/tmp/tmpMvzTUT/gold_soln_actives_final_m142_3.mol2'            'CHEMBL1081263'
     69.72     -64.77       2.00       1.00       0.00       1.70       2.77       3.13    0.924  '/tmp/tmpMvzTUT/gold_soln_actives_final_m143_2.mol2'            'CHEMBL1081425'
     75.71     -77.47       0.00       1.00       0.00       2.84       2.76       2.67    0.900  '/tmp/tmpMvzTUT/gold_soln_actives_final_m144_1.mol2'            'CHEMBL1081296'
     62.89     -71.47       0.06       1.56       0.00      11.51       2.19       2.46    1.460  '/tmp/tmpMvzTUT/gold_soln_actives_final_m145_5.mol2'             'CHEMBL377603'
     78.90     -77.72       0.99       0.00       0.00       0.20       2.17       2.74    1.520  '/tmp/tmpMvzTUT/gold_soln_actives_final_m146_4.mol2'             'CHEMBL377603'
     51.32     -50.07       2.00       0.00       0.00       0.59       2.56       0.95    0.972  '/tmp/tmpMvzTUT/gold_soln_actives_final_m147_4.mol2'             'CHEMBL445180'
     78.43     -85.10       0.00       0.00       0.00       5.03       3.27       4.89    0.612  '/tmp/tmpMvzTUT/gold_soln_actives_final_m148_3.mol2'             'CHEMBL359864'
     70.61     -73.36       0.00       0.00       0.00       0.90       3.91       4.83    0.824  '/tmp/tmpMvzTUT/gold_soln_actives_final_m149_1.mol2'             'CHEMBL180231'
     69.68     -79.61       0.00       0.00       0.00       7.16       3.82       4.88    0.880  '/tmp/tmpMvzTUT/gold_soln_actives_final_m150_5.mol2'             'CHEMBL180231'
     50.55     -51.05       0.00       0.00       0.00       0.00       0.75       1.00    0.592  '/tmp/tmpMvzTUT/gold_soln_actives_final_m151_1.mol2'             'CHEMBL493251'
     79.56     -69.75       3.00       0.99       0.00       0.00       1.50       0.86    0.908  '/tmp/tmpMvzTUT/gold_soln_actives_final_m152_5.mol2'             'CHEMBL597793'
     71.15     -70.88       0.00       0.76       0.00       0.36       1.66       1.68    1.076  '/tmp/tmpMvzTUT/gold_soln_actives_final_m153_2.mol2'             'CHEMBL226383'
     78.43     -76.78       0.00       0.86       0.00       1.23       1.12       1.38    1.028  '/tmp/tmpMvzTUT/gold_soln_actives_final_m154_1.mol2'             'CHEMBL375486'
     66.43     -70.07       0.00       0.00       0.00       0.00       1.92       0.19    0.816  '/tmp/tmpMvzTUT/gold_soln_actives_final_m155_4.mol2'             'CHEMBL207338'
     51.33     -52.12       0.00       0.00       0.00       0.98       3.05       5.57    0.824  '/tmp/tmpMvzTUT/gold_soln_actives_final_m156_1.mol2'             'CHEMBL260184'
     52.34     -55.78       0.00       0.00       0.00       0.00       4.37       5.31    0.948  '/tmp/tmpMvzTUT/gold_soln_actives_final_m157_3.mol2'             'CHEMBL260184'
     60.24     -59.28       0.17       0.41       0.00       0.04       2.92       4.95    0.564  '/tmp/tmpMvzTUT/gold_soln_actives_final_m158_2.mol2'             'CHEMBL407733'
     54.24     -56.48       0.00       0.00       0.00       0.00       3.83       5.35    0.912  '/tmp/tmpMvzTUT/gold_soln_actives_final_m159_2.mol2'             'CHEMBL407733'
     66.27     -66.06       0.77       0.00       0.00       0.99       1.28       1.03    0.808  '/tmp/tmpMvzTUT/gold_soln_actives_final_m160_3.mol2'             'CHEMBL229320'
     57.46     -53.71       2.00       0.00       0.00       0.05       1.54       0.88    0.960  '/tmp/tmpMvzTUT/gold_soln_actives_final_m161_4.mol2'             'CHEMBL494882'
     80.80     -78.36       1.00       0.50       0.00       1.37       1.25       0.79    0.996  '/tmp/tmpMvzTUT/gold_soln_actives_final_m162_1.mol2'             'CHEMBL383541'
     91.38     -87.53       2.00       0.00       0.00       0.00       1.84       1.07    0.936  '/tmp/tmpMvzTUT/gold_soln_actives_final_m163_1.mol2'             'CHEMBL437122'
     48.13     -48.66       0.00       0.00       0.00       0.00       1.32       2.11    0.360  '/tmp/tmpMvzTUT/gold_soln_actives_final_m164_2.mol2'             'CHEMBL258837'
     70.78     -71.51       0.00       0.00       0.00       0.34       3.16       5.87    1.160  '/tmp/tmpMvzTUT/gold_soln_actives_final_m165_2.mol2'             'CHEMBL252261'
     71.20     -73.54       0.00       0.00       0.00       0.02       4.02       5.72    1.224  '/tmp/tmpMvzTUT/gold_soln_actives_final_m166_5.mol2'             'CHEMBL252261'
     73.24     -76.97       0.00       0.00       0.00       1.59       4.03       5.91    1.176  '/tmp/tmpMvzTUT/gold_soln_actives_final_m167_3.mol2'             'CHEMBL252261'
     72.34     -76.16       0.00       0.00       0.00       0.00       4.60       5.38    1.168  '/tmp/tmpMvzTUT/gold_soln_actives_final_m168_5.mol2'             'CHEMBL252261'
     65.84     -66.59       0.00       0.00       0.00       0.00       3.13       5.32    1.020  '/tmp/tmpMvzTUT/gold_soln_actives_final_m169_1.mol2'             'CHEMBL252455'
     59.00     -59.78       0.00       0.00       0.00       0.13       3.08       5.50    1.080  '/tmp/tmpMvzTUT/gold_soln_actives_final_m170_5.mol2'             'CHEMBL252455'
     60.09     -63.75       0.85       0.00       0.00       4.22       4.09       5.08    1.208  '/tmp/tmpMvzTUT/gold_soln_actives_final_m171_1.mol2'             'CHEMBL252456'
     49.64     -49.66       0.74       0.00       0.00       2.60       2.80       5.04    0.840  '/tmp/tmpMvzTUT/gold_soln_actives_final_m172_1.mol2'             'CHEMBL252457'
     49.47     -50.92       0.00       0.00       0.00       1.23       0.42       0.62    0.404  '/tmp/tmpMvzTUT/gold_soln_actives_final_m173_4.mol2'             'CHEMBL428963'
     47.72     -48.94       0.00       0.00       0.00       0.83       0.50       0.61    0.400  '/tmp/tmpMvzTUT/gold_soln_actives_final_m174_3.mol2'             'CHEMBL428963'
     59.01     -60.30       0.00       1.00       0.00       6.56       3.71       9.69    1.196  '/tmp/tmpMvzTUT/gold_soln_actives_final_m175_5.mol2'             'CHEMBL252856'
     63.22     -82.20       0.00       0.00       0.00      18.77       2.60       5.00    0.764  '/tmp/tmpMvzTUT/gold_soln_actives_final_m176_3.mol2'             'CHEMBL270157'
     66.40     -69.78       0.00       0.00       0.00       0.00       4.10       4.82    0.844  '/tmp/tmpMvzTUT/gold_soln_actives_final_m177_4.mol2'             'CHEMBL270157'
     51.96     -41.88       3.61       0.00       0.00       0.80       1.08       2.22    0.196  '/tmp/tmpMvzTUT/gold_soln_actives_final_m178_3.mol2'             'CHEMBL259833'
     72.80     -68.44       1.95       0.00       0.00       0.07       1.05       0.22    1.256  '/tmp/tmpMvzTUT/gold_soln_actives_final_m179_4.mol2'            'CHEMBL1096634'
     66.34     -66.72       0.98       0.00       0.00       1.07       1.46       0.68    1.252  '/tmp/tmpMvzTUT/gold_soln_actives_final_m180_4.mol2'            'CHEMBL1096634'
     63.36     -60.44       1.00       0.00       0.00       2.80       1.40       5.38    0.456  '/tmp/tmpMvzTUT/gold_soln_actives_final_m181_3.mol2'            'CHEMBL1173304'
     54.95     -47.88       2.99       0.00       0.00       0.00       1.29       0.58    0.336  '/tmp/tmpMvzTUT/gold_soln_actives_final_m182_1.mol2'             'CHEMBL470409'
     83.96     -84.96       1.00       0.00       0.00       0.75       2.12       0.99    0.936  '/tmp/tmpMvzTUT/gold_soln_actives_final_m183_3.mol2'             'CHEMBL573393'
     66.25     -69.52       0.00       0.00       0.00       0.13       3.28       3.42    0.980  '/tmp/tmpMvzTUT/gold_soln_actives_final_m184_5.mol2'             'CHEMBL469357'
     63.32     -66.76       0.00       0.00       0.00       1.37       3.77       4.47    0.956  '/tmp/tmpMvzTUT/gold_soln_actives_final_m185_1.mol2'             'CHEMBL469357'
     60.90     -62.41       0.00       0.00       0.00       0.00       2.31       3.12    0.880  '/tmp/tmpMvzTUT/gold_soln_actives_final_m186_5.mol2'             'CHEMBL470202'
     64.15     -60.60       2.00       0.00       0.00       0.81       2.72       3.71    0.968  '/tmp/tmpMvzTUT/gold_soln_actives_final_m187_2.mol2'             'CHEMBL470202'
     40.25     -41.01       0.00       0.00       0.00       0.00       0.38       0.00    0.392  '/tmp/tmpMvzTUT/gold_soln_actives_final_m188_5.mol2'             'CHEMBL493360'
     89.07     -83.97       1.00       1.65       0.00       0.04       2.13       1.06    1.052  '/tmp/tmpMvzTUT/gold_soln_actives_final_m189_2.mol2'             'CHEMBL572670'
     72.14     -81.72       0.00       0.00       0.00       7.84       3.41       5.08    0.824  '/tmp/tmpMvzTUT/gold_soln_actives_final_m190_2.mol2'             'CHEMBL402199'
     86.11     -85.19       1.00       0.00       0.00       0.00       1.60       1.12    1.064  '/tmp/tmpMvzTUT/gold_soln_actives_final_m191_4.mol2'             'CHEMBL576733'
     80.38     -80.58       0.99       0.00       0.00       0.00       2.51       1.42    1.108  '/tmp/tmpMvzTUT/gold_soln_actives_final_m192_2.mol2'             'CHEMBL572907'
     83.24     -82.93       0.98       0.00       0.00       1.15       2.67       3.87    1.036  '/tmp/tmpMvzTUT/gold_soln_actives_final_m193_4.mol2'             'CHEMBL572908'
     73.93     -76.40       0.00       0.96       0.00       4.70       1.15       1.65    1.056  '/tmp/tmpMvzTUT/gold_soln_actives_final_m194_2.mol2'             'CHEMBL574995'
     73.32     -75.14       0.66       0.11       0.00       3.00       3.50       5.37    1.108  '/tmp/tmpMvzTUT/gold_soln_actives_final_m195_1.mol2'             'CHEMBL594933'
     73.07     -73.86       0.00       0.72       0.00       0.00       2.39       0.71    0.796  '/tmp/tmpMvzTUT/gold_soln_actives_final_m196_1.mol2'             'CHEMBL209638'
     72.18     -75.72       0.00       0.00       0.00       2.49       2.31       3.08    0.956  '/tmp/tmpMvzTUT/gold_soln_actives_final_m197_2.mol2'            'CHEMBL1081119'
     77.27     -73.02       1.98       0.00       0.00       3.54       2.54       6.03    1.008  '/tmp/tmpMvzTUT/gold_soln_actives_final_m198_1.mol2'             'CHEMBL381785'
     64.41     -62.30       0.69       0.91       0.00       2.57       2.72       5.18    0.504  '/tmp/tmpMvzTUT/gold_soln_actives_final_m199_1.mol2'            'CHEMBL1173697'
     75.10     -78.25       0.24       0.17       0.00       0.56       3.27       2.73    1.456  '/tmp/tmpMvzTUT/gold_soln_actives_final_m200_3.mol2'             'CHEMBL210034'
     65.44     -67.24       0.00       0.00       0.00       0.40       1.91       2.42    1.516  '/tmp/tmpMvzTUT/gold_soln_actives_final_m201_4.mol2'             'CHEMBL210034'
     78.17     -75.32       2.00       0.00       0.00       0.23       2.04       1.15    0.880  '/tmp/tmpMvzTUT/gold_soln_actives_final_m202_5.mol2'             'CHEMBL379300'
     61.92     -63.89       0.00       0.00       0.00       0.07       4.03       6.01    0.992  '/tmp/tmpMvzTUT/gold_soln_actives_final_m203_2.mol2'             'CHEMBL408151'
     68.05     -77.47       0.00       0.00       0.00       8.24       3.56       5.56    0.612  '/tmp/tmpMvzTUT/gold_soln_actives_final_m204_1.mol2'             'CHEMBL271091'
     30.19     -32.22       0.00       0.00       0.00       0.00       3.55       4.86    0.620  '/tmp/tmpMvzTUT/gold_soln_actives_final_m205_2.mol2'             'CHEMBL368010'
     73.21     -75.06       0.00       0.00       0.00       0.00       3.35       4.85    0.880  '/tmp/tmpMvzTUT/gold_soln_actives_final_m206_4.mol2'             'CHEMBL368010'
     64.54     -62.02       0.99       0.00       0.00       0.00       1.50       2.31    1.068  '/tmp/tmpMvzTUT/gold_soln_actives_final_m207_4.mol2'            'CHEMBL1094320'
     73.93     -70.07       2.00       0.02       0.00       1.38       0.74       0.68    0.872  '/tmp/tmpMvzTUT/gold_soln_actives_final_m208_4.mol2'             'CHEMBL574290'
     72.48     -68.84       2.00       0.00       0.00       0.00       1.76       0.11    0.800  '/tmp/tmpMvzTUT/gold_soln_actives_final_m209_1.mol2'             'CHEMBL574290'
     43.50     -45.70       0.00       0.00       0.00       1.24       3.25       5.41    0.972  '/tmp/tmpMvzTUT/gold_soln_actives_final_m210_2.mol2'             'CHEMBL259968'
     47.01     -56.01       0.00       0.00       0.00       8.94       2.98       5.42    0.748  '/tmp/tmpMvzTUT/gold_soln_actives_final_m211_2.mol2'             'CHEMBL259968'
     61.44     -63.03       0.00       0.00       0.00       0.00       3.74       5.21    0.568  '/tmp/tmpMvzTUT/gold_soln_actives_final_m212_1.mol2'             'CHEMBL259982'
     55.41     -56.07       0.00       0.00       0.00       0.00       3.07       5.48    0.576  '/tmp/tmpMvzTUT/gold_soln_actives_final_m213_1.mol2'             'CHEMBL259982'
     68.03     -74.56       0.00       0.00       0.00       1.31       3.43       1.65    1.080  '/tmp/tmpMvzTUT/gold_soln_actives_final_m214_3.mol2'             'CHEMBL207217'
     64.47     -64.88       0.00       0.99       0.00       4.08       2.47       5.38    1.088  '/tmp/tmpMvzTUT/gold_soln_actives_final_m215_2.mol2'             'CHEMBL252054'
     57.24     -54.86       0.00       1.00       0.00       0.36       2.65       5.03    1.016  '/tmp/tmpMvzTUT/gold_soln_actives_final_m216_3.mol2'             'CHEMBL252054'
     63.42     -58.06       1.98       0.00       0.00       0.14       3.04       5.02    1.016  '/tmp/tmpMvzTUT/gold_soln_actives_final_m217_2.mol2'             'CHEMBL252054'
     63.16     -65.97       0.00       0.00       0.00       2.14       3.62       5.78    1.240  '/tmp/tmpMvzTUT/gold_soln_actives_final_m218_1.mol2'             'CHEMBL251860'
     56.61     -61.05       0.00       0.00       0.00       4.02       3.06       5.68    1.316  '/tmp/tmpMvzTUT/gold_soln_actives_final_m219_5.mol2'             'CHEMBL251860'
     61.75     -63.30       0.00       0.00       0.00       0.00       3.88       5.86    1.280  '/tmp/tmpMvzTUT/gold_soln_actives_final_m220_1.mol2'             'CHEMBL251860'
     81.88     -84.52       0.00       0.00       0.00       1.18       2.11       2.77    1.524  '/tmp/tmpMvzTUT/gold_soln_actives_final_m221_5.mol2'             'CHEMBL388310'
     70.66     -65.63       1.97       0.00       0.00       0.01       2.00       3.01    1.360  '/tmp/tmpMvzTUT/gold_soln_actives_final_m222_1.mol2'             'CHEMBL226745'
     70.47     -69.41       2.00       0.00       0.00       5.88       1.06       3.06    0.932  '/tmp/tmpMvzTUT/gold_soln_actives_final_m223_4.mol2'            'CHEMBL1080911'
     60.12     -67.11       0.00       1.00       0.00      10.82       2.46       5.75    1.024  '/tmp/tmpMvzTUT/gold_soln_actives_final_m224_4.mol2'             'CHEMBL403354'
     59.49     -66.18       0.00       0.00       0.00       6.91       2.47       5.14    1.036  '/tmp/tmpMvzTUT/gold_soln_actives_final_m225_3.mol2'             'CHEMBL403354'
     75.32     -76.83       1.00       0.00       0.00       2.41       2.84       3.58    1.528  '/tmp/tmpMvzTUT/gold_soln_actives_final_m226_5.mol2'             'CHEMBL210237'
     74.71     -74.98       0.00       1.00       0.00       0.00       2.56       1.86    1.576  '/tmp/tmpMvzTUT/gold_soln_actives_final_m227_5.mol2'             'CHEMBL210237'
     81.33     -77.29       2.82       0.00       0.00       5.44       1.93       4.42    0.920  '/tmp/tmpMvzTUT/gold_soln_actives_final_m228_2.mol2'             'CHEMBL205415'
     70.88     -71.64       0.00       0.00       0.00       2.79       1.67       4.92    0.908  '/tmp/tmpMvzTUT/gold_soln_actives_final_m229_1.mol2'             'CHEMBL205415'
     60.27     -56.29       0.00       1.85       0.00       0.00       1.61       1.27    0.832  '/tmp/tmpMvzTUT/gold_soln_actives_final_m230_2.mol2'             'CHEMBL498051'
     77.64     -74.95       1.65       0.00       0.00       0.00       1.86       1.45    0.992  '/tmp/tmpMvzTUT/gold_soln_actives_final_m231_3.mol2'             'CHEMBL389468'
     75.12     -73.04       0.99       0.03       0.00       0.98       2.54       4.27    1.096  '/tmp/tmpMvzTUT/gold_soln_actives_final_m232_3.mol2'             'CHEMBL378843'
     69.52     -69.80       0.78       0.00       0.00       0.05       1.87       1.16    0.956  '/tmp/tmpMvzTUT/gold_soln_actives_final_m233_4.mol2'             'CHEMBL226744'
     81.86     -77.22       1.00       1.25       0.00       1.14       3.30       5.61    1.092  '/tmp/tmpMvzTUT/gold_soln_actives_final_m234_2.mol2'             'CHEMBL605838'
     73.57     -70.04       1.00       1.00       0.00       1.12       3.52       5.70    1.104  '/tmp/tmpMvzTUT/gold_soln_actives_final_m235_4.mol2'             'CHEMBL605838'
     74.76     -72.22       2.00       0.00       0.00       0.22       2.31       1.15    0.884  '/tmp/tmpMvzTUT/gold_soln_actives_final_m236_1.mol2'             'CHEMBL227325'
     64.86     -63.72       1.00       0.00       0.00       0.00       1.41       0.95    0.924  '/tmp/tmpMvzTUT/gold_soln_actives_final_m237_2.mol2'             'CHEMBL227326'
     78.10     -80.03       0.00       0.00       0.00       0.09       2.44       3.05    0.932  '/tmp/tmpMvzTUT/gold_soln_actives_final_m238_5.mol2'             'CHEMBL581848'
     83.59     -82.78       1.00       0.20       0.00       0.13       2.33       1.87    1.056  '/tmp/tmpMvzTUT/gold_soln_actives_final_m239_3.mol2'             'CHEMBL574764'
     62.61     -70.05       0.00       0.00       0.00       6.20       3.14       5.05    0.912  '/tmp/tmpMvzTUT/gold_soln_actives_final_m240_4.mol2'             'CHEMBL273160'
     58.58     -60.48       0.00       0.00       0.00       0.00       1.05       0.07    0.560  '/tmp/tmpMvzTUT/gold_soln_actives_final_m241_1.mol2'             'CHEMBL493359'
     76.85     -79.90       0.00       0.00       0.00       1.99       3.43       4.88    0.712  '/tmp/tmpMvzTUT/gold_soln_actives_final_m242_1.mol2'             'CHEMBL270388'
     58.03     -59.60       0.00       0.00       0.00       0.00       1.00       0.44    0.688  '/tmp/tmpMvzTUT/gold_soln_actives_final_m243_2.mol2'             'CHEMBL470192'
     55.46     -52.75       2.00       0.00       0.00       0.00       1.86       0.44    0.704  '/tmp/tmpMvzTUT/gold_soln_actives_final_m244_3.mol2'             'CHEMBL470192'
     69.51     -73.49       0.00       0.00       0.00       0.11       5.21       6.07    0.792  '/tmp/tmpMvzTUT/gold_soln_actives_final_m245_1.mol2'             'CHEMBL574476'
     58.48     -57.41       0.00       1.00       0.00       1.11       0.87       0.77    0.656  '/tmp/tmpMvzTUT/gold_soln_actives_final_m246_2.mol2'             'CHEMBL383254'
     58.27     -59.96       0.00       0.00       0.00       0.00       1.32       0.62    0.736  '/tmp/tmpMvzTUT/gold_soln_actives_final_m247_1.mol2'             'CHEMBL383254'
     62.69     -67.57       0.00       0.00       0.00       1.59       2.41       1.54    0.960  '/tmp/tmpMvzTUT/gold_soln_actives_final_m248_3.mol2'             'CHEMBL512858'
     71.09     -65.36       2.00       0.00       0.00       0.05       1.61       2.98    0.832  '/tmp/tmpMvzTUT/gold_soln_actives_final_m249_1.mol2'             'CHEMBL512858'
     53.58     -56.15       0.00       0.00       0.00       0.00       1.34       0.10    0.824  '/tmp/tmpMvzTUT/gold_soln_actives_final_m250_5.mol2'            'CHEMBL1099290'
     51.36     -51.64       0.90       0.00       0.00       0.00       1.53       0.08    0.772  '/tmp/tmpMvzTUT/gold_soln_actives_final_m251_2.mol2'            'CHEMBL1099290'
     74.28     -74.02       0.71       0.00       0.00       1.03       1.65       2.05    1.200  '/tmp/tmpMvzTUT/gold_soln_actives_final_m252_1.mol2'             'CHEMBL209281'
     61.00     -61.67       0.00       0.00       0.00       0.00       0.35       0.03    0.796  '/tmp/tmpMvzTUT/gold_soln_actives_final_m253_4.mol2'            'CHEMBL1096290'
     74.36     -76.02       0.00       0.00       0.00       0.00       1.29       0.92    0.924  '/tmp/tmpMvzTUT/gold_soln_actives_final_m254_5.mol2'             'CHEMBL206819'
     73.84     -70.07       2.11       0.00       0.00       2.96       1.31       3.02    0.896  '/tmp/tmpMvzTUT/gold_soln_actives_final_m255_5.mol2'            'CHEMBL1081974'
     69.67     -69.35       0.00       1.00       0.00       0.00       2.27       1.87    1.384  '/tmp/tmpMvzTUT/gold_soln_actives_final_m256_1.mol2'             'CHEMBL210954'
     76.27     -73.11       1.31       0.00       0.00       1.08       0.95       2.20    1.416  '/tmp/tmpMvzTUT/gold_soln_actives_final_m257_3.mol2'             'CHEMBL210954'
     40.93     -40.93       0.00       0.00       0.00       0.00       0.00       0.00    0.172  '/tmp/tmpMvzTUT/gold_soln_actives_final_m258_2.mol2'             'CHEMBL504537'
     63.37     -57.89       2.00       0.00       0.00       1.07       0.94       2.38    0.368  '/tmp/tmpMvzTUT/gold_soln_actives_final_m259_2.mol2'             'CHEMBL603675'
     75.03     -74.83       2.00       0.00       0.00       5.80       2.40       4.82    1.036  '/tmp/tmpMvzTUT/gold_soln_actives_final_m260_3.mol2'             'CHEMBL596583'
     56.41     -58.36       0.00       1.00       0.00       0.00       4.71       4.47    1.196  '/tmp/tmpMvzTUT/gold_soln_actives_final_m261_4.mol2'            'CHEMBL1202525'
     65.03     -60.31       1.98       0.00       0.00       0.00       3.13       3.49    1.220  '/tmp/tmpMvzTUT/gold_soln_actives_final_m262_2.mol2'            'CHEMBL1202525'
     79.88     -72.93       2.98       0.00       0.00       0.00       2.30       1.39    1.292  '/tmp/tmpMvzTUT/gold_soln_actives_final_m263_1.mol2'            'CHEMBL1099297'
     44.80     -45.21       0.00       0.21       0.00       0.00       1.57       1.98    0.540  '/tmp/tmpMvzTUT/gold_soln_actives_final_m264_4.mol2'             'CHEMBL494662'
     42.36     -42.90       0.00       0.00       0.00       0.01       0.27       0.00    0.164  '/tmp/tmpMvzTUT/gold_soln_actives_final_m265_1.mol2'             'CHEMBL521638'
     61.55     -64.78       0.00       0.00       0.00       0.34       2.55       2.21    1.308  '/tmp/tmpMvzTUT/gold_soln_actives_final_m266_2.mol2'             'CHEMBL534916'
     62.78     -61.00       0.96       0.00       0.00       1.19       1.33       1.78    1.352  '/tmp/tmpMvzTUT/gold_soln_actives_final_m267_1.mol2'             'CHEMBL378827'
     75.41     -78.33       1.00       0.00       0.00       2.85       2.88       2.61    1.384  '/tmp/tmpMvzTUT/gold_soln_actives_final_m268_3.mol2'             'CHEMBL378827'
     67.70     -68.96       0.00       0.00       0.00       0.03       3.42       5.61    1.072  '/tmp/tmpMvzTUT/gold_soln_actives_final_m269_4.mol2'             'CHEMBL594755'
     62.37     -63.84       0.00       0.00       0.00       0.02       3.76       5.28    1.096  '/tmp/tmpMvzTUT/gold_soln_actives_final_m270_1.mol2'             'CHEMBL254099'
     57.86     -62.11       0.00       0.00       0.00       0.70       4.64       5.73    1.032  '/tmp/tmpMvzTUT/gold_soln_actives_final_m271_5.mol2'             'CHEMBL254099'
     57.60     -58.01       0.00       0.00       0.00       3.26       0.60       4.05    0.824  '/tmp/tmpMvzTUT/gold_soln_actives_final_m272_4.mol2'             'CHEMBL247250'
     76.14     -70.52       2.04       0.00       0.00       0.51       1.70       3.41    0.892  '/tmp/tmpMvzTUT/gold_soln_actives_final_m273_3.mol2'            'CHEMBL1080569'
     64.62     -68.10       0.00       0.00       0.00       0.99       4.53       5.60    1.128  '/tmp/tmpMvzTUT/gold_soln_actives_final_m274_2.mol2'             'CHEMBL425155'
     45.72     -46.68       0.44       0.00       0.00       0.00       1.28       0.16    0.636  '/tmp/tmpMvzTUT/gold_soln_actives_final_m275_2.mol2'             'CHEMBL188434'
     46.33     -47.17       0.00       0.00       0.00       0.00       0.60       0.36    0.728  '/tmp/tmpMvzTUT/gold_soln_actives_final_m276_4.mol2'             'CHEMBL188434'
     78.33     -81.84       0.00       0.00       0.00       1.62       2.14       2.18    0.976  '/tmp/tmpMvzTUT/gold_soln_actives_final_m277_3.mol2'             'CHEMBL210403'
     65.33     -69.58       0.00       0.00       0.00       1.37       2.04       1.20    0.848  '/tmp/tmpMvzTUT/gold_soln_actives_final_m278_5.mol2'             'CHEMBL212259'
     72.56     -70.04       1.00       0.00       0.00       0.00       1.56       2.24    1.432  '/tmp/tmpMvzTUT/gold_soln_actives_final_m279_4.mol2'             'CHEMBL209826'
     66.98     -71.80       0.00       0.00       0.00       0.01       3.35       1.89    1.440  '/tmp/tmpMvzTUT/gold_soln_actives_final_m280_4.mol2'             'CHEMBL209826'
     77.15     -80.77       0.00       0.07       0.00       0.00       2.35       0.88    0.856  '/tmp/tmpMvzTUT/gold_soln_actives_final_m281_5.mol2'             'CHEMBL263510'
     65.03     -66.33       0.00       0.87       0.00       0.00       2.40       0.89    0.700  '/tmp/tmpMvzTUT/gold_soln_actives_final_m282_4.mol2'             'CHEMBL378870'
     64.59     -63.96       0.00       0.81       0.00       0.03       1.43       0.80    0.684  '/tmp/tmpMvzTUT/gold_soln_actives_final_m283_1.mol2'             'CHEMBL378870'
     66.44     -57.33       2.15       0.95       0.00       0.00       0.76       1.32    0.468  '/tmp/tmpMvzTUT/gold_soln_actives_final_m284_4.mol2'             'CHEMBL263664'
     81.17     -79.35       1.00       0.37       0.00       0.00       1.49       0.69    0.968  '/tmp/tmpMvzTUT/gold_soln_actives_final_m285_4.mol2'             'CHEMBL203624'
     74.32     -74.98       0.00       0.28       0.00       0.00       1.60       1.14    0.988  '/tmp/tmpMvzTUT/gold_soln_actives_final_m286_2.mol2'             'CHEMBL381703'
     75.50     -76.01       0.00       0.00       0.00       0.00       0.64       0.52    0.960  '/tmp/tmpMvzTUT/gold_soln_actives_final_m287_4.mol2'             'CHEMBL381703'
     62.62     -58.44       2.00       0.00       0.00       0.50       2.37       3.33    0.904  '/tmp/tmpMvzTUT/gold_soln_actives_final_m288_1.mol2'            'CHEMBL1081029'
     78.46     -83.35       0.00       0.99       0.00       5.18       2.22       1.42    1.140  '/tmp/tmpMvzTUT/gold_soln_actives_final_m289_4.mol2'             'CHEMBL211281'
     62.80     -58.73       0.72       1.05       0.00       0.00       1.72       2.18    0.440  '/tmp/tmpMvzTUT/gold_soln_actives_final_m290_2.mol2'            'CHEMBL1170238'
     74.38     -77.17       0.00       0.00       0.00       0.00       5.02       6.33    0.572  '/tmp/tmpMvzTUT/gold_soln_actives_final_m291_1.mol2'             'CHEMBL182101'
     64.00     -59.56       0.00       1.76       0.00       0.32       1.98       2.88    0.880  '/tmp/tmpMvzTUT/gold_soln_actives_final_m292_3.mol2'            'CHEMBL1081105'
     81.19     -83.33       0.00       1.00       0.00       1.35       2.76       1.21    1.112  '/tmp/tmpMvzTUT/gold_soln_actives_final_m293_2.mol2'             'CHEMBL210544'
     65.30     -68.38       0.00       0.00       0.00       0.00       3.69       2.86    1.840  '/tmp/tmpMvzTUT/gold_soln_actives_final_m294_1.mol2'             'CHEMBL494060'
     90.16     -84.49       2.00       1.00       0.00       0.00       2.27       1.21    1.240  '/tmp/tmpMvzTUT/gold_soln_actives_final_m295_3.mol2'             'CHEMBL378211'
     68.88     -69.75       0.96       0.00       0.00       2.25       1.17       0.85    0.676  '/tmp/tmpMvzTUT/gold_soln_actives_final_m296_5.mol2'             'CHEMBL512480'
     60.38     -56.16       2.00       0.00       0.00       0.01       1.56       0.40    0.776  '/tmp/tmpMvzTUT/gold_soln_actives_final_m297_1.mol2'             'CHEMBL512480'
     64.82     -59.48       1.95       0.45       0.00       1.06       0.81       0.67    0.696  '/tmp/tmpMvzTUT/gold_soln_actives_final_m298_3.mol2'             'CHEMBL207373'
     70.73     -69.15       0.00       0.90       0.00       0.10       0.99       0.97    0.716  '/tmp/tmpMvzTUT/gold_soln_actives_final_m299_3.mol2'             'CHEMBL207373'
     74.31     -73.32       0.98       0.00       0.00       0.24       1.01       0.33    0.808  '/tmp/tmpMvzTUT/gold_soln_actives_final_m300_4.mol2'             'CHEMBL469560'
     59.34     -60.43       2.00       0.00       0.00       3.65       2.03       0.63    0.776  '/tmp/tmpMvzTUT/gold_soln_actives_final_m301_4.mol2'             'CHEMBL469560'
     75.25     -81.03       0.00       0.00       0.00       1.30       2.89       1.30    1.176  '/tmp/tmpMvzTUT/gold_soln_actives_final_m302_3.mol2'             'CHEMBL211434'
     74.18     -74.78       0.00       0.00       0.00       0.00       2.81       5.01    0.988  '/tmp/tmpMvzTUT/gold_soln_actives_final_m303_5.mol2'             'CHEMBL594748'
     58.86     -60.63       0.00       0.00       0.00       0.12       2.14       2.63    0.560  '/tmp/tmpMvzTUT/gold_soln_actives_final_m304_4.mol2'             'CHEMBL521851'
     66.98     -67.41       0.00       0.41       0.00       1.49       3.15       5.23    1.084  '/tmp/tmpMvzTUT/gold_soln_actives_final_m305_2.mol2'             'CHEMBL594749'
     65.75     -66.62       0.00       0.00       0.00       0.02       3.42       5.98    0.968  '/tmp/tmpMvzTUT/gold_soln_actives_final_m306_5.mol2'             'CHEMBL604060'
     36.56     -36.76       0.00       0.00       0.00       0.00       1.59       2.99    0.340  '/tmp/tmpMvzTUT/gold_soln_actives_final_m307_5.mol2'             'CHEMBL286737'
     68.76     -71.26       0.00       0.00       0.00       2.93       1.52       3.25    0.880  '/tmp/tmpMvzTUT/gold_soln_actives_final_m308_2.mol2'            'CHEMBL1081831'
     73.86     -69.54       1.98       0.00       0.00       0.01       3.68       5.48    1.024  '/tmp/tmpMvzTUT/gold_soln_actives_final_m309_2.mol2'             'CHEMBL607374'
     65.60     -60.23       2.24       0.00       0.00       0.77       1.79       3.00    0.992  '/tmp/tmpMvzTUT/gold_soln_actives_final_m310_1.mol2'            'CHEMBL1081830'
     69.46     -69.84       0.66       0.00       0.00       0.33       2.71       3.24    1.048  '/tmp/tmpMvzTUT/gold_soln_actives_final_m311_3.mol2'            'CHEMBL1081830'
     75.98     -71.88       2.00       0.00       0.00       0.00       1.30       0.65    0.852  '/tmp/tmpMvzTUT/gold_soln_actives_final_m312_1.mol2'             'CHEMBL378759'
     47.26     -53.52       0.00       0.00       0.00       3.69       4.00       5.44    1.108  '/tmp/tmpMvzTUT/gold_soln_actives_final_m313_5.mol2'             'CHEMBL404553'
     70.58     -72.46       0.00       0.00       0.00      12.94       0.88      12.81    1.024  '/tmp/tmpMvzTUT/gold_soln_actives_final_m314_1.mol2'             'CHEMBL247797'
     75.79     -77.44       0.00       0.00       0.00      11.26       1.99      13.58    1.012  '/tmp/tmpMvzTUT/gold_soln_actives_final_m315_5.mol2'             'CHEMBL247797'
     60.62     -56.52       2.70       0.00       0.00       0.00       2.64       0.61    0.896  '/tmp/tmpMvzTUT/gold_soln_actives_final_m316_2.mol2'             'CHEMBL213618'
     81.14     -71.81       1.00       2.29       0.00       0.24       2.99       5.68    1.096  '/tmp/tmpMvzTUT/gold_soln_actives_final_m317_5.mol2'             'CHEMBL594310'
     75.51     -72.97       1.00       0.77       0.00       1.09       3.77       5.86    1.104  '/tmp/tmpMvzTUT/gold_soln_actives_final_m318_3.mol2'             'CHEMBL593142'
     82.79     -75.11       1.00       2.10       0.00       1.15       2.68       4.91    1.084  '/tmp/tmpMvzTUT/gold_soln_actives_final_m319_4.mol2'             'CHEMBL593142'
     57.14     -57.26       0.00       0.00       0.00      11.42       0.61      12.51    0.960  '/tmp/tmpMvzTUT/gold_soln_actives_final_m320_1.mol2'             'CHEMBL247619'
     63.12     -63.48       0.00       0.00       0.00      11.45       0.77      12.64    0.912  '/tmp/tmpMvzTUT/gold_soln_actives_final_m321_4.mol2'             'CHEMBL247619'
     62.93     -66.74       0.00       0.00       0.00       1.15       3.95       5.14    0.984  '/tmp/tmpMvzTUT/gold_soln_actives_final_m322_3.mol2'             'CHEMBL446134'
     51.79     -60.93       0.00       0.00       0.00       8.72       3.20       5.31    1.160  '/tmp/tmpMvzTUT/gold_soln_actives_final_m323_1.mol2'             'CHEMBL446134'
     59.69     -58.98       0.00       0.84       0.00       0.00       3.58       5.35    0.980  '/tmp/tmpMvzTUT/gold_soln_actives_final_m324_4.mol2'             'CHEMBL261542'
     56.04     -56.61       0.00       0.00       0.00       0.08       2.93       5.37    0.904  '/tmp/tmpMvzTUT/gold_soln_actives_final_m325_3.mol2'             'CHEMBL261542'
     50.96     -53.22       0.00       0.29       0.00       0.00       4.23       5.35    0.732  '/tmp/tmpMvzTUT/gold_soln_actives_final_m326_3.mol2'             'CHEMBL261540'
     45.78     -52.82       0.00       0.00       0.00       3.99       4.19       5.32    0.912  '/tmp/tmpMvzTUT/gold_soln_actives_final_m327_5.mol2'             'CHEMBL261540'
     67.44     -64.85       1.76       0.00       0.00       2.85       1.80       3.75    0.912  '/tmp/tmpMvzTUT/gold_soln_actives_final_m328_5.mol2'             'CHEMBL226898'
     70.95     -68.86       2.00       0.00       0.00       0.90       2.82       2.53    1.016  '/tmp/tmpMvzTUT/gold_soln_actives_final_m329_4.mol2'             'CHEMBL226849'
     66.86     -66.40       0.00       0.55       0.00       0.00       1.82       2.46    1.044  '/tmp/tmpMvzTUT/gold_soln_actives_final_m330_2.mol2'             'CHEMBL388311'
     75.35     -74.55       0.61       0.00       0.00       0.00       3.07       4.90    0.836  '/tmp/tmpMvzTUT/gold_soln_actives_final_m331_3.mol2'             'CHEMBL255360'
     75.04     -70.25       2.00       0.00       0.00       0.00       1.31       1.16    0.876  '/tmp/tmpMvzTUT/gold_soln_actives_final_m332_3.mol2'             'CHEMBL379868'
     61.51     -63.32       0.00       0.00       0.00       0.05       1.26       0.75    0.804  '/tmp/tmpMvzTUT/gold_soln_actives_final_m333_4.mol2'             'CHEMBL226848'
     69.74     -73.69       0.00       0.00       0.00       0.49       2.44       1.41    1.200  '/tmp/tmpMvzTUT/gold_soln_actives_final_m334_4.mol2'             'CHEMBL209231'
     71.07     -73.38       0.00       0.00       0.00       0.00       2.15       1.99    1.284  '/tmp/tmpMvzTUT/gold_soln_actives_final_m335_4.mol2'             'CHEMBL209231'
     57.51     -59.34       0.24       0.00       0.00       1.67       3.24       4.94    0.948  '/tmp/tmpMvzTUT/gold_soln_actives_final_m336_1.mol2'             'CHEMBL259753'
     63.34     -60.89       0.06       1.00       0.00       0.03       2.73       4.76    0.916  '/tmp/tmpMvzTUT/gold_soln_actives_final_m337_5.mol2'             'CHEMBL259753'
     94.13     -90.80       1.00       1.35       0.00       1.36       1.96       1.57    1.164  '/tmp/tmpMvzTUT/gold_soln_actives_final_m338_5.mol2'             'CHEMBL209564'
     78.52     -80.00       0.00       0.97       0.00       0.47       2.75       1.58    1.072  '/tmp/tmpMvzTUT/gold_soln_actives_final_m339_4.mol2'             'CHEMBL210333'
     65.22     -63.34       0.35       1.00       0.00       0.84       1.41       1.49    1.140  '/tmp/tmpMvzTUT/gold_soln_actives_final_m340_1.mol2'             'CHEMBL211224'
     74.72     -70.90       1.98       0.00       0.00       0.82       1.31       1.31    1.112  '/tmp/tmpMvzTUT/gold_soln_actives_final_m341_3.mol2'             'CHEMBL211224'
     41.39     -34.74       3.26       0.00       0.00       0.00       2.45       1.75    0.608  '/tmp/tmpMvzTUT/gold_soln_actives_final_m342_5.mol2'             'CHEMBL523695'
     44.53     -38.66       2.00       0.00       0.00       0.00       1.19       2.26    0.492  '/tmp/tmpMvzTUT/gold_soln_actives_final_m343_4.mol2'             'CHEMBL493066'
     41.11     -41.90       0.00       0.00       0.00       0.00       1.45       2.12    0.504  '/tmp/tmpMvzTUT/gold_soln_actives_final_m344_5.mol2'             'CHEMBL493066'
     75.56     -80.06       0.14       0.00       0.00       1.39       2.91       2.29    1.504  '/tmp/tmpMvzTUT/gold_soln_actives_final_m345_4.mol2'             'CHEMBL376959'
     76.31     -83.07       1.20       0.57       0.00       9.63       2.45       2.47    1.688  '/tmp/tmpMvzTUT/gold_soln_actives_final_m346_5.mol2'             'CHEMBL376959'
     66.51     -64.42       0.00       1.00       0.00       0.17       2.96       5.09    0.760  '/tmp/tmpMvzTUT/gold_soln_actives_final_m347_2.mol2'             'CHEMBL259967'
     56.81     -58.35       0.00       0.24       0.00       0.00       3.91       5.22    0.928  '/tmp/tmpMvzTUT/gold_soln_actives_final_m348_2.mol2'             'CHEMBL259967'
     78.12     -76.60       1.97       0.84       0.00       7.09       1.58       3.33    1.724  '/tmp/tmpMvzTUT/gold_soln_actives_final_m349_5.mol2'             'CHEMBL211690'
     65.78     -58.77       1.81       1.42       0.00       1.12       2.43       3.30    1.496  '/tmp/tmpMvzTUT/gold_soln_actives_final_m350_5.mol2'             'CHEMBL211690'
     79.69     -79.90       1.00       0.17       0.00       0.93       2.03       1.27    0.904  '/tmp/tmpMvzTUT/gold_soln_actives_final_m351_4.mol2'             'CHEMBL573394'
     70.93     -69.30       1.00       0.00       0.00       0.00       2.26       3.12    1.172  '/tmp/tmpMvzTUT/gold_soln_actives_final_m352_1.mol2'             'CHEMBL517163'
     52.41     -52.75       0.00       0.00       0.00       0.24       2.92       4.84    0.860  '/tmp/tmpMvzTUT/gold_soln_actives_final_m353_2.mol2'             'CHEMBL403356'
     69.88     -72.82       0.00       0.00       0.00       0.00       3.83       4.71    0.780  '/tmp/tmpMvzTUT/gold_soln_actives_final_m354_4.mol2'             'CHEMBL402579'
     74.85     -77.02       0.00       0.00       0.00       0.64       3.47       5.41    0.672  '/tmp/tmpMvzTUT/gold_soln_actives_final_m355_4.mol2'             'CHEMBL402579'
     75.66     -70.24       1.00       1.70       0.00       1.35       3.44       5.55    1.164  '/tmp/tmpMvzTUT/gold_soln_actives_final_m356_2.mol2'             'CHEMBL605733'
     49.68     -47.75       1.00       0.00       0.00       1.37       0.24       0.77    0.972  '/tmp/tmpMvzTUT/gold_soln_actives_final_m357_4.mol2'             'CHEMBL494089'
     57.44     -57.53       0.80       0.00       0.00       0.03       1.37       0.28    0.540  '/tmp/tmpMvzTUT/gold_soln_actives_final_m358_1.mol2'             'CHEMBL522857'
     61.32     -58.43       2.00       0.00       0.00       0.00       1.95       0.72    0.936  '/tmp/tmpMvzTUT/gold_soln_actives_final_m359_2.mol2'             'CHEMBL494088'
     58.98     -53.23       2.00       0.00       0.00       0.00       0.66       0.75    0.944  '/tmp/tmpMvzTUT/gold_soln_actives_final_m360_2.mol2'             'CHEMBL494088'
     55.51     -62.51       0.00       0.00       0.00       4.78       3.29       4.35    1.400  '/tmp/tmpMvzTUT/gold_soln_actives_final_m361_2.mol2'             'CHEMBL536485'
     53.98     -56.61       0.00       0.00       0.00       0.03       3.64       4.69    1.196  '/tmp/tmpMvzTUT/gold_soln_actives_final_m362_3.mol2'             'CHEMBL536485'
     56.19     -69.39       0.00       0.00       0.00      12.01       4.20       6.28    1.348  '/tmp/tmpMvzTUT/gold_soln_actives_final_m363_2.mol2'             'CHEMBL536485'
     55.39     -56.31       0.20       0.00       0.00       0.00       3.82       5.95    1.228  '/tmp/tmpMvzTUT/gold_soln_actives_final_m364_4.mol2'             'CHEMBL536485'
     69.26     -67.23       0.00       1.01       0.00       0.28       1.72       2.71    1.484  '/tmp/tmpMvzTUT/gold_soln_actives_final_m365_5.mol2'             'CHEMBL210940'
     77.35     -80.11       0.00       0.00       0.00       0.43       2.64       2.94    1.456  '/tmp/tmpMvzTUT/gold_soln_actives_final_m366_5.mol2'             'CHEMBL210940'
     45.04     -45.76       0.50       0.00       0.00       0.18       3.41       4.79    0.956  '/tmp/tmpMvzTUT/gold_soln_actives_final_m367_5.mol2'             'CHEMBL488428'
     46.59     -47.89       0.00       0.00       0.00       0.84       3.00       5.54    0.968  '/tmp/tmpMvzTUT/gold_soln_actives_final_m368_5.mol2'             'CHEMBL488428'
     42.19     -39.32       0.82       1.23       0.00       1.76       3.59       5.35    0.948  '/tmp/tmpMvzTUT/gold_soln_actives_final_m369_3.mol2'             'CHEMBL447114'
     47.69     -46.50       1.00       0.00       0.00       1.40       2.65       4.89    0.976  '/tmp/tmpMvzTUT/gold_soln_actives_final_m370_5.mol2'             'CHEMBL447114'
     81.55     -84.21       1.00       0.00       0.00       0.00       3.31       0.96    0.944  '/tmp/tmpMvzTUT/gold_soln_actives_final_m371_5.mol2'             'CHEMBL575384'
     71.27     -57.10       4.86       0.00       0.00       0.00       2.00       2.60    1.456  '/tmp/tmpMvzTUT/gold_soln_actives_final_m372_1.mol2'             'CHEMBL576372'
     46.74     -60.23       0.65       0.00       0.00      13.56       3.58       5.28    1.088  '/tmp/tmpMvzTUT/gold_soln_actives_final_m373_2.mol2'             'CHEMBL446966'
     38.96     -45.38       0.00       0.00       0.00       2.64       4.92       6.06    1.140  '/tmp/tmpMvzTUT/gold_soln_actives_final_m374_5.mol2'             'CHEMBL446966'
     44.64     -43.77       0.29       1.00       0.00       2.46       2.54       4.53    1.000  '/tmp/tmpMvzTUT/gold_soln_actives_final_m375_2.mol2'             'CHEMBL444136'
     36.84     -44.32       1.00       1.00       0.00      11.05       3.70       4.97    0.952  '/tmp/tmpMvzTUT/gold_soln_actives_final_m376_2.mol2'             'CHEMBL444136'
     72.93     -65.75       1.98       1.72       0.00       1.37       1.88       1.20    1.180  '/tmp/tmpMvzTUT/gold_soln_actives_final_m377_4.mol2'             'CHEMBL576348'
     70.69     -66.69       1.00       1.37       0.00       1.35       1.81       1.41    1.124  '/tmp/tmpMvzTUT/gold_soln_actives_final_m378_1.mol2'             'CHEMBL576348'
     76.71     -76.15       1.00       0.95       0.00       0.00       3.18       1.05    0.892  '/tmp/tmpMvzTUT/gold_soln_actives_final_m379_5.mol2'             'CHEMBL575385'
     79.53     -83.73       0.00       0.00       0.00       1.05       2.31       1.47    1.068  '/tmp/tmpMvzTUT/gold_soln_actives_final_m380_5.mol2'             'CHEMBL579053'
     83.76     -80.05       2.00       0.00       0.00       1.21       1.24       1.40    1.088  '/tmp/tmpMvzTUT/gold_soln_actives_final_m381_2.mol2'             'CHEMBL579053'
     68.58     -70.96       0.00       0.00       0.00       0.00       3.56       4.74    0.988  '/tmp/tmpMvzTUT/gold_soln_actives_final_m382_4.mol2'             'CHEMBL595708'
     70.87     -72.13       0.00       0.00       0.00       0.00       3.58       5.89    1.032  '/tmp/tmpMvzTUT/gold_soln_actives_final_m383_5.mol2'             'CHEMBL595709'
     71.74     -74.34       0.00       0.00       0.00       1.28       3.22       5.12    0.792  '/tmp/tmpMvzTUT/gold_soln_actives_final_m384_5.mol2'             'CHEMBL178397'
     75.35     -73.21       2.00       0.00       0.00       1.39       1.80       1.12    1.144  '/tmp/tmpMvzTUT/gold_soln_actives_final_m385_3.mol2'             'CHEMBL578418'
     48.44     -41.11       2.69       0.00       0.00       0.00       1.50       2.27    0.272  '/tmp/tmpMvzTUT/gold_soln_actives_final_m386_3.mol2'            'CHEMBL1173349'
     53.11     -44.11       3.00       0.00       0.00       0.00       1.11       2.22    0.184  '/tmp/tmpMvzTUT/gold_soln_actives_final_m387_3.mol2'            'CHEMBL1173349'
     51.50     -41.01       2.77       1.00       0.00       0.00       1.47       2.13    0.252  '/tmp/tmpMvzTUT/gold_soln_actives_final_m388_5.mol2'            'CHEMBL1173350'
     59.27     -55.98       1.97       0.00       0.00       0.81       2.79       3.69    1.616  '/tmp/tmpMvzTUT/gold_soln_actives_final_m389_3.mol2'             'CHEMBL575428'
     70.45     -73.07       0.00       0.00       0.00       0.31       2.93       3.56    1.560  '/tmp/tmpMvzTUT/gold_soln_actives_final_m390_5.mol2'             'CHEMBL575428'
     75.00     -78.04       0.00       0.00       0.00       1.13       1.68       1.03    0.924  '/tmp/tmpMvzTUT/gold_soln_actives_final_m391_1.mol2'             'CHEMBL211827'
     60.74     -56.64       2.75       0.00       0.00       0.00       2.16       0.17    0.700  '/tmp/tmpMvzTUT/gold_soln_actives_final_m392_5.mol2'             'CHEMBL512305'
     61.07     -59.09       2.00       0.00       0.00       0.00       2.28       0.28    0.676  '/tmp/tmpMvzTUT/gold_soln_actives_final_m393_1.mol2'             'CHEMBL512305'
     44.86     -42.16       1.00       0.00       0.00       0.06       0.12       0.00    0.452  '/tmp/tmpMvzTUT/gold_soln_actives_final_m394_3.mol2'             'CHEMBL475838'
     76.68     -74.12       0.00       1.76       0.00       0.00       1.93       1.14    0.908  '/tmp/tmpMvzTUT/gold_soln_actives_final_m395_4.mol2'             'CHEMBL211865'
     64.40     -67.84       0.00       0.00       0.00       0.32       4.51       5.35    0.604  '/tmp/tmpMvzTUT/gold_soln_actives_final_m396_2.mol2'             'CHEMBL181730'
     61.03     -64.86       0.00       0.00       0.00       0.24       4.39       5.20    0.944  '/tmp/tmpMvzTUT/gold_soln_actives_final_m397_1.mol2'             'CHEMBL181730'
     53.18     -49.34       2.00       0.00       0.00       1.36       1.14       0.78    0.908  '/tmp/tmpMvzTUT/gold_soln_actives_final_m398_1.mol2'             'CHEMBL523057'
     79.12     -76.70       2.00       0.00       0.00       0.90       1.79       0.90    0.872  '/tmp/tmpMvzTUT/gold_soln_actives_final_m399_4.mol2'             'CHEMBL516429'
     80.90     -79.12       1.57       0.00       0.00       0.00       2.07       1.22    0.936  '/tmp/tmpMvzTUT/gold_soln_actives_final_m400_5.mol2'             'CHEMBL381328'
     60.90     -59.82       2.00       0.00       0.00       1.34       2.26       0.94    0.920  '/tmp/tmpMvzTUT/gold_soln_actives_final_m401_4.mol2'             'CHEMBL493250'
     84.64     -88.69       0.00       0.00       0.00       1.19       2.38       1.70    0.928  '/tmp/tmpMvzTUT/gold_soln_actives_final_m402_3.mol2'             'CHEMBL205871'
     49.75     -44.13       0.99       1.00       0.00       0.00       1.25       2.14    0.476  '/tmp/tmpMvzTUT/gold_soln_actives_final_m403_4.mol2'            'CHEMBL1173384'
     62.99     -49.96       2.98       1.66       0.00       0.00       1.52       2.15    0.384  '/tmp/tmpMvzTUT/gold_soln_actives_final_m404_3.mol2'            'CHEMBL1173384'
     58.28     -53.23       2.00       0.00       0.00       0.10       1.73       2.32    0.720  '/tmp/tmpMvzTUT/gold_soln_actives_final_m405_1.mol2'            'CHEMBL1171840'
     68.06     -68.50       0.91       0.68       0.00       4.18       1.63       2.23    0.608  '/tmp/tmpMvzTUT/gold_soln_actives_final_m406_3.mol2'            'CHEMBL1171840'
     57.21     -66.01       0.00       0.00       0.00       6.80       3.92       5.84    0.964  '/tmp/tmpMvzTUT/gold_soln_actives_final_m407_4.mol2'             'CHEMBL180058'
     49.23     -43.35       2.00       0.00       0.00       0.00       1.00       1.81    0.516  '/tmp/tmpMvzTUT/gold_soln_actives_final_m408_4.mol2'             'CHEMBL493067'
